mode: atomic
github.com/o9nn/dro9nn/apps/api-server/cmd/main.go:26.13,57.40 12 0
github.com/o9nn/dro9nn/apps/api-server/cmd/main.go:57.40,62.41 2 0
github.com/o9nn/dro9nn/apps/api-server/cmd/main.go:62.41,70.4 7 0
github.com/o9nn/dro9nn/apps/api-server/cmd/main.go:73.3,73.41 1 0
github.com/o9nn/dro9nn/apps/api-server/cmd/main.go:73.41,82.4 8 0
github.com/o9nn/dro9nn/apps/api-server/cmd/main.go:86.2,95.12 2 0
github.com/o9nn/dro9nn/apps/api-server/cmd/main.go:95.12,97.77 2 0
github.com/o9nn/dro9nn/apps/api-server/cmd/main.go:97.77,99.4 1 0
github.com/o9nn/dro9nn/apps/api-server/cmd/main.go:103.2,112.42 7 0
github.com/o9nn/dro9nn/apps/api-server/cmd/main.go:112.42,114.3 1 0
github.com/o9nn/dro9nn/apps/api-server/cmd/main.go:116.2,116.31 1 0
github.com/o9nn/dro9nn/apps/api-server/internal/handlers/handlers.go:15.71,18.17 3 0
github.com/o9nn/dro9nn/apps/api-server/internal/handlers/handlers.go:18.17,20.3 1 0
github.com/o9nn/dro9nn/apps/api-server/internal/handlers/handlers.go:23.70,25.2 1 0
github.com/o9nn/dro9nn/apps/api-server/internal/handlers/handlers.go:29.58,34.2 1 0
github.com/o9nn/dro9nn/apps/api-server/internal/handlers/handlers.go:37.50,38.54 1 0
github.com/o9nn/dro9nn/apps/api-server/internal/handlers/handlers.go:38.54,42.3 1 0
github.com/o9nn/dro9nn/apps/api-server/internal/handlers/handlers.go:60.57,74.2 2 0
github.com/o9nn/dro9nn/apps/api-server/internal/handlers/handlers.go:83.56,85.61 2 0
github.com/o9nn/dro9nn/apps/api-server/internal/handlers/handlers.go:85.61,88.3 2 0
github.com/o9nn/dro9nn/apps/api-server/internal/handlers/handlers.go:91.2,91.20 1 0
github.com/o9nn/dro9nn/apps/api-server/internal/handlers/handlers.go:91.20,94.3 2 0
github.com/o9nn/dro9nn/apps/api-server/internal/handlers/handlers.go:95.2,95.23 1 0
github.com/o9nn/dro9nn/apps/api-server/internal/handlers/handlers.go:95.23,98.3 2 0
github.com/o9nn/dro9nn/apps/api-server/internal/handlers/handlers.go:101.2,110.43 2 0
github.com/o9nn/dro9nn/apps/api-server/internal/handlers/handlers.go:114.55,128.2 3 0
github.com/o9nn/dro9nn/apps/api-server/internal/handlers/handlers.go:131.58,135.2 1 0
github.com/o9nn/dro9nn/apps/api-server/internal/handlers/handlers.go:154.52,158.61 3 0
github.com/o9nn/dro9nn/apps/api-server/internal/handlers/handlers.go:158.61,161.3 2 0
github.com/o9nn/dro9nn/apps/api-server/internal/handlers/handlers.go:164.2,175.39 2 0
github.com/o9nn/dro9nn/apps/api-server/internal/handlers/handlers.go:179.55,183.61 3 0
github.com/o9nn/dro9nn/apps/api-server/internal/handlers/handlers.go:183.61,186.3 2 0
github.com/o9nn/dro9nn/apps/api-server/internal/handlers/handlers.go:189.2,200.39 2 0
github.com/o9nn/dro9nn/apps/api-server/internal/handlers/handlers.go:204.61,211.9 5 0
github.com/o9nn/dro9nn/apps/api-server/internal/handlers/handlers.go:211.9,214.3 2 0
github.com/o9nn/dro9nn/apps/api-server/internal/handlers/handlers.go:217.2,218.31 2 0
github.com/o9nn/dro9nn/apps/api-server/internal/handlers/handlers.go:218.31,229.3 7 0
github.com/o9nn/dro9nn/apps/api-server/internal/handlers/handlers.go:246.57,260.2 2 0
github.com/o9nn/dro9nn/apps/api-server/internal/handlers/handlers.go:270.58,272.61 2 0
github.com/o9nn/dro9nn/apps/api-server/internal/handlers/handlers.go:272.61,275.3 2 0
github.com/o9nn/dro9nn/apps/api-server/internal/handlers/handlers.go:278.2,278.20 1 0
github.com/o9nn/dro9nn/apps/api-server/internal/handlers/handlers.go:278.20,281.3 2 0
github.com/o9nn/dro9nn/apps/api-server/internal/handlers/handlers.go:284.2,293.24 2 0
github.com/o9nn/dro9nn/apps/api-server/internal/handlers/handlers.go:293.24,295.3 1 0
github.com/o9nn/dro9nn/apps/api-server/internal/handlers/handlers.go:296.2,296.43 1 0
github.com/o9nn/dro9nn/apps/api-server/internal/handlers/handlers.go:300.55,314.2 3 0
github.com/o9nn/dro9nn/apps/api-server/internal/handlers/handlers.go:317.58,321.2 1 0
github.com/o9nn/dro9nn/apps/api-server/internal/handlers/handlers.go:342.51,346.61 3 0
github.com/o9nn/dro9nn/apps/api-server/internal/handlers/handlers.go:346.61,349.3 2 0
github.com/o9nn/dro9nn/apps/api-server/internal/handlers/handlers.go:352.2,366.41 2 0
github.com/o9nn/dro9nn/apps/api-server/internal/handlers/handlers.go:370.64,374.61 3 0
github.com/o9nn/dro9nn/apps/api-server/internal/handlers/handlers.go:374.61,377.3 2 0
github.com/o9nn/dro9nn/apps/api-server/internal/handlers/handlers.go:380.2,394.41 2 0
github.com/o9nn/dro9nn/apps/api-server/internal/handlers/handlers.go:405.57,414.2 2 0
github.com/o9nn/dro9nn/apps/api-server/internal/handlers/handlers.go:417.59,421.2 1 0
github.com/o9nn/dro9nn/apps/api-server/internal/middleware/auth.go:10.53,11.71 1 0
github.com/o9nn/dro9nn/apps/api-server/internal/middleware/auth.go:11.71,17.17 2 0
github.com/o9nn/dro9nn/apps/api-server/internal/middleware/auth.go:17.17,21.4 2 0
github.com/o9nn/dro9nn/apps/api-server/internal/middleware/auth.go:24.3,24.42 1 0
github.com/o9nn/dro9nn/apps/api-server/internal/middleware/auth.go:24.42,27.4 2 0
github.com/o9nn/dro9nn/apps/api-server/internal/middleware/auth.go:33.3,33.23 1 0
github.com/o9nn/dro9nn/packages/cli/cmd/cogctl/main.go:17.13,19.38 2 0
github.com/o9nn/dro9nn/packages/cli/cmd/cogctl/main.go:19.38,21.3 1 0
github.com/o9nn/dro9nn/packages/cli/internal/config/config.go:31.30,40.2 1 0
github.com/o9nn/dro9nn/packages/cli/internal/config/config.go:43.41,45.16 2 0
github.com/o9nn/dro9nn/packages/cli/internal/config/config.go:45.16,47.3 1 0
github.com/o9nn/dro9nn/packages/cli/internal/config/config.go:49.2,50.53 2 0
github.com/o9nn/dro9nn/packages/cli/internal/config/config.go:50.53,52.3 1 0
github.com/o9nn/dro9nn/packages/cli/internal/config/config.go:54.2,54.20 1 0
github.com/o9nn/dro9nn/packages/cli/internal/config/config.go:58.42,61.47 2 0
github.com/o9nn/dro9nn/packages/cli/internal/config/config.go:61.47,63.3 1 0
github.com/o9nn/dro9nn/packages/cli/internal/config/config.go:65.2,66.16 2 0
github.com/o9nn/dro9nn/packages/cli/internal/config/config.go:66.16,68.3 1 0
github.com/o9nn/dro9nn/packages/cli/internal/config/config.go:70.2,70.39 1 0
github.com/o9nn/dro9nn/packages/cli/internal/config/config.go:74.37,75.37 1 0
github.com/o9nn/dro9nn/packages/cli/internal/config/config.go:75.37,77.17 2 0
github.com/o9nn/dro9nn/packages/cli/internal/config/config.go:77.17,79.4 1 0
github.com/o9nn/dro9nn/packages/cli/internal/config/config.go:81.2,81.13 1 0
github.com/o9nn/dro9nn/packages/cli/internal/cmd/config.go:31.54,34.17 3 0
github.com/o9nn/dro9nn/packages/cli/internal/cmd/config.go:34.17,36.4 1 0
github.com/o9nn/dro9nn/packages/cli/internal/cmd/config.go:38.3,38.35 1 0
github.com/o9nn/dro9nn/packages/cli/internal/cmd/config.go:38.35,40.4 1 0
github.com/o9nn/dro9nn/packages/cli/internal/cmd/config.go:40.9,42.4 1 0
github.com/o9nn/dro9nn/packages/cli/internal/cmd/config.go:43.3,43.13 1 0
github.com/o9nn/dro9nn/packages/cli/internal/cmd/config.go:51.54,56.17 4 0
github.com/o9nn/dro9nn/packages/cli/internal/cmd/config.go:56.17,59.4 1 0
github.com/o9nn/dro9nn/packages/cli/internal/cmd/config.go:61.3,63.44 2 0
github.com/o9nn/dro9nn/packages/cli/internal/cmd/config.go:63.44,65.4 1 0
github.com/o9nn/dro9nn/packages/cli/internal/cmd/config.go:67.3,68.13 2 0
github.com/o9nn/dro9nn/packages/cli/internal/cmd/config.go:75.54,77.17 2 0
github.com/o9nn/dro9nn/packages/cli/internal/cmd/config.go:77.17,79.4 1 0
github.com/o9nn/dro9nn/packages/cli/internal/cmd/config.go:81.3,81.34 1 0
github.com/o9nn/dro9nn/packages/cli/internal/cmd/config.go:81.34,83.4 1 0
github.com/o9nn/dro9nn/packages/cli/internal/cmd/config.go:84.3,84.13 1 0
github.com/o9nn/dro9nn/packages/cli/internal/cmd/config.go:91.54,96.58 3 0
github.com/o9nn/dro9nn/packages/cli/internal/cmd/config.go:96.58,98.4 1 0
github.com/o9nn/dro9nn/packages/cli/internal/cmd/config.go:101.3,107.51 2 0
github.com/o9nn/dro9nn/packages/cli/internal/cmd/config.go:107.51,109.4 1 0
github.com/o9nn/dro9nn/packages/cli/internal/cmd/config.go:111.3,112.13 2 0
github.com/o9nn/dro9nn/packages/cli/internal/cmd/config.go:116.29,117.22 1 0
github.com/o9nn/dro9nn/packages/cli/internal/cmd/config.go:117.22,119.3 1 0
github.com/o9nn/dro9nn/packages/cli/internal/cmd/config.go:120.2,121.36 2 0
github.com/o9nn/dro9nn/packages/cli/internal/cmd/config.go:124.51,127.16 3 0
github.com/o9nn/dro9nn/packages/cli/internal/cmd/config.go:127.16,129.3 1 0
github.com/o9nn/dro9nn/packages/cli/internal/cmd/config.go:131.2,132.54 2 0
github.com/o9nn/dro9nn/packages/cli/internal/cmd/config.go:132.54,134.3 1 0
github.com/o9nn/dro9nn/packages/cli/internal/cmd/config.go:136.2,136.20 1 0
github.com/o9nn/dro9nn/packages/cli/internal/cmd/config.go:139.54,144.53 3 0
github.com/o9nn/dro9nn/packages/cli/internal/cmd/config.go:144.53,146.3 1 0
github.com/o9nn/dro9nn/packages/cli/internal/cmd/config.go:148.2,149.16 2 0
github.com/o9nn/dro9nn/packages/cli/internal/cmd/config.go:149.16,151.3 1 0
github.com/o9nn/dro9nn/packages/cli/internal/cmd/config.go:153.2,153.61 1 0
github.com/o9nn/dro9nn/packages/cli/internal/cmd/config.go:153.61,155.3 1 0
github.com/o9nn/dro9nn/packages/cli/internal/cmd/config.go:157.2,157.12 1 0
github.com/o9nn/dro9nn/packages/cli/internal/cmd/config.go:160.13,167.2 5 0
github.com/o9nn/dro9nn/packages/cli/internal/cmd/init.go:29.54,34.22 4 0
github.com/o9nn/dro9nn/packages/cli/internal/cmd/init.go:34.22,36.4 1 0
github.com/o9nn/dro9nn/packages/cli/internal/cmd/init.go:38.3,43.54 4 0
github.com/o9nn/dro9nn/packages/cli/internal/cmd/init.go:43.54,45.4 1 0
github.com/o9nn/dro9nn/packages/cli/internal/cmd/init.go:48.3,48.82 1 0
github.com/o9nn/dro9nn/packages/cli/internal/cmd/init.go:48.82,50.4 1 0
github.com/o9nn/dro9nn/packages/cli/internal/cmd/init.go:52.3,60.13 8 0
github.com/o9nn/dro9nn/packages/cli/internal/cmd/init.go:64.76,72.27 2 0
github.com/o9nn/dro9nn/packages/cli/internal/cmd/init.go:72.27,73.74 1 0
github.com/o9nn/dro9nn/packages/cli/internal/cmd/init.go:73.74,75.4 1 0
github.com/o9nn/dro9nn/packages/cli/internal/cmd/init.go:79.2,112.105 2 0
github.com/o9nn/dro9nn/packages/cli/internal/cmd/init.go:112.105,114.3 1 0
github.com/o9nn/dro9nn/packages/cli/internal/cmd/init.go:117.2,141.112 2 0
github.com/o9nn/dro9nn/packages/cli/internal/cmd/init.go:141.112,143.3 1 0
github.com/o9nn/dro9nn/packages/cli/internal/cmd/init.go:146.2,146.18 1 0
github.com/o9nn/dro9nn/packages/cli/internal/cmd/init.go:147.15,148.53 1 0
github.com/o9nn/dro9nn/packages/cli/internal/cmd/init.go:149.19,150.57 1 0
github.com/o9nn/dro9nn/packages/cli/internal/cmd/init.go:151.10,152.55 1 0
github.com/o9nn/dro9nn/packages/cli/internal/cmd/init.go:156.63,190.2 2 0
github.com/o9nn/dro9nn/packages/cli/internal/cmd/init.go:192.67,215.2 2 0
github.com/o9nn/dro9nn/packages/cli/internal/cmd/init.go:217.65,231.2 2 0
github.com/o9nn/dro9nn/packages/cli/internal/cmd/init.go:233.13,236.2 2 0
github.com/o9nn/dro9nn/packages/cli/internal/cmd/model.go:30.54,39.3 7 0
github.com/o9nn/dro9nn/packages/cli/internal/cmd/model.go:51.54,56.25 4 0
github.com/o9nn/dro9nn/packages/cli/internal/cmd/model.go:56.25,58.4 1 0
github.com/o9nn/dro9nn/packages/cli/internal/cmd/model.go:61.3,63.13 3 0
github.com/o9nn/dro9nn/packages/cli/internal/cmd/model.go:83.54,93.3 6 0
github.com/o9nn/dro9nn/packages/cli/internal/cmd/model.go:101.54,114.3 10 0
github.com/o9nn/dro9nn/packages/cli/internal/cmd/model.go:122.54,126.13 3 0
github.com/o9nn/dro9nn/packages/cli/internal/cmd/model.go:126.13,130.42 4 0
github.com/o9nn/dro9nn/packages/cli/internal/cmd/model.go:130.42,133.5 2 0
github.com/o9nn/dro9nn/packages/cli/internal/cmd/model.go:137.3,139.13 3 0
github.com/o9nn/dro9nn/packages/cli/internal/cmd/model.go:143.13,161.2 10 0
github.com/o9nn/dro9nn/packages/cli/internal/cmd/root.go:23.37,27.2 3 0
github.com/o9nn/dro9nn/packages/cli/internal/cmd/root.go:51.22,53.2 1 0
github.com/o9nn/dro9nn/packages/cli/internal/cmd/root.go:55.13,68.2 8 0
github.com/o9nn/dro9nn/packages/cli/internal/cmd/root.go:70.19,71.22 1 0
github.com/o9nn/dro9nn/packages/cli/internal/cmd/root.go:71.22,74.3 1 0
github.com/o9nn/dro9nn/packages/cli/internal/cmd/root.go:77.2,78.16 2 0
github.com/o9nn/dro9nn/packages/cli/internal/cmd/root.go:78.16,81.3 2 0
github.com/o9nn/dro9nn/packages/cli/internal/cmd/root.go:84.2,84.42 1 0
github.com/o9nn/dro9nn/packages/cli/internal/cmd/root.go:91.47,95.3 3 0
github.com/o9nn/dro9nn/packages/cli/internal/cmd/serve.go:21.54,44.10 18 0
github.com/o9nn/dro9nn/packages/cli/internal/cmd/serve.go:48.13,57.2 7 0
github.com/o9nn/dro9nn/packages/sdk/go/agents.go:59.52,61.2 1 0
github.com/o9nn/dro9nn/packages/sdk/go/agents.go:64.71,66.16 2 0
github.com/o9nn/dro9nn/packages/sdk/go/agents.go:66.16,68.3 1 0
github.com/o9nn/dro9nn/packages/sdk/go/agents.go:70.2,71.54 2 0
github.com/o9nn/dro9nn/packages/sdk/go/agents.go:71.54,73.3 1 0
github.com/o9nn/dro9nn/packages/sdk/go/agents.go:75.2,75.20 1 0
github.com/o9nn/dro9nn/packages/sdk/go/agents.go:79.85,81.16 2 0
github.com/o9nn/dro9nn/packages/sdk/go/agents.go:81.16,83.3 1 0
github.com/o9nn/dro9nn/packages/sdk/go/agents.go:85.2,86.53 2 0
github.com/o9nn/dro9nn/packages/sdk/go/agents.go:86.53,88.3 1 0
github.com/o9nn/dro9nn/packages/sdk/go/agents.go:90.2,90.20 1 0
github.com/o9nn/dro9nn/packages/sdk/go/agents.go:94.93,96.16 2 0
github.com/o9nn/dro9nn/packages/sdk/go/agents.go:96.16,98.3 1 0
github.com/o9nn/dro9nn/packages/sdk/go/agents.go:100.2,101.53 2 0
github.com/o9nn/dro9nn/packages/sdk/go/agents.go:101.53,103.3 1 0
github.com/o9nn/dro9nn/packages/sdk/go/agents.go:105.2,105.20 1 0
github.com/o9nn/dro9nn/packages/sdk/go/agents.go:109.74,112.2 2 0
github.com/o9nn/dro9nn/packages/sdk/go/agents.go:115.123,119.22 2 0
github.com/o9nn/dro9nn/packages/sdk/go/agents.go:119.22,121.3 1 0
github.com/o9nn/dro9nn/packages/sdk/go/agents.go:123.2,124.16 2 0
github.com/o9nn/dro9nn/packages/sdk/go/agents.go:124.16,126.3 1 0
github.com/o9nn/dro9nn/packages/sdk/go/agents.go:128.2,129.56 2 0
github.com/o9nn/dro9nn/packages/sdk/go/agents.go:129.56,131.3 1 0
github.com/o9nn/dro9nn/packages/sdk/go/agents.go:133.2,133.23 1 0
github.com/o9nn/dro9nn/packages/sdk/go/agents.go:137.135,144.16 3 0
github.com/o9nn/dro9nn/packages/sdk/go/agents.go:144.16,146.3 1 0
github.com/o9nn/dro9nn/packages/sdk/go/agents.go:148.2,149.56 2 0
github.com/o9nn/dro9nn/packages/sdk/go/agents.go:149.56,151.3 1 0
github.com/o9nn/dro9nn/packages/sdk/go/agents.go:153.2,153.23 1 0
github.com/o9nn/dro9nn/packages/sdk/go/agents.go:157.121,159.22 2 0
github.com/o9nn/dro9nn/packages/sdk/go/agents.go:159.22,161.3 1 0
github.com/o9nn/dro9nn/packages/sdk/go/agents.go:163.2,164.16 2 0
github.com/o9nn/dro9nn/packages/sdk/go/agents.go:164.16,166.3 1 0
github.com/o9nn/dro9nn/packages/sdk/go/agents.go:168.2,169.55 2 0
github.com/o9nn/dro9nn/packages/sdk/go/agents.go:169.55,171.3 1 0
github.com/o9nn/dro9nn/packages/sdk/go/agents.go:173.2,173.22 1 0
github.com/o9nn/dro9nn/packages/sdk/go/agents.go:177.99,179.22 2 0
github.com/o9nn/dro9nn/packages/sdk/go/agents.go:179.22,181.3 1 0
github.com/o9nn/dro9nn/packages/sdk/go/agents.go:183.2,184.12 2 0
github.com/o9nn/dro9nn/packages/sdk/go/agents.go:193.49,199.2 1 0
github.com/o9nn/dro9nn/packages/sdk/go/agents.go:202.67,205.2 2 0
github.com/o9nn/dro9nn/packages/sdk/go/agents.go:208.63,211.2 2 0
github.com/o9nn/dro9nn/packages/sdk/go/agents.go:214.70,217.2 2 0
github.com/o9nn/dro9nn/packages/sdk/go/agents.go:220.65,223.2 2 0
github.com/o9nn/dro9nn/packages/sdk/go/agents.go:226.54,227.25 1 0
github.com/o9nn/dro9nn/packages/sdk/go/agents.go:227.25,229.3 1 0
github.com/o9nn/dro9nn/packages/sdk/go/agents.go:230.2,230.31 1 0
github.com/o9nn/dro9nn/packages/sdk/go/agents.go:230.31,232.3 1 0
github.com/o9nn/dro9nn/packages/sdk/go/agents.go:233.2,233.23 1 0
github.com/o9nn/dro9nn/packages/sdk/go/client.go:25.30,30.2 1 0
github.com/o9nn/dro9nn/packages/sdk/go/client.go:39.40,40.19 1 0
github.com/o9nn/dro9nn/packages/sdk/go/client.go:40.19,42.3 1 0
github.com/o9nn/dro9nn/packages/sdk/go/client.go:43.2,48.3 1 0
github.com/o9nn/dro9nn/packages/sdk/go/client.go:58.35,60.2 1 0
github.com/o9nn/dro9nn/packages/sdk/go/client.go:63.106,67.17 3 0
github.com/o9nn/dro9nn/packages/sdk/go/client.go:67.17,69.17 2 0
github.com/o9nn/dro9nn/packages/sdk/go/client.go:69.17,71.4 1 0
github.com/o9nn/dro9nn/packages/sdk/go/client.go:72.3,72.38 1 0
github.com/o9nn/dro9nn/packages/sdk/go/client.go:75.2,76.16 2 0
github.com/o9nn/dro9nn/packages/sdk/go/client.go:76.16,78.3 1 0
github.com/o9nn/dro9nn/packages/sdk/go/client.go:80.2,81.27 2 0
github.com/o9nn/dro9nn/packages/sdk/go/client.go:81.27,83.3 1 0
github.com/o9nn/dro9nn/packages/sdk/go/client.go:85.2,86.16 2 0
github.com/o9nn/dro9nn/packages/sdk/go/client.go:86.16,88.3 1 0
github.com/o9nn/dro9nn/packages/sdk/go/client.go:89.2,92.16 3 0
github.com/o9nn/dro9nn/packages/sdk/go/client.go:92.16,94.3 1 0
github.com/o9nn/dro9nn/packages/sdk/go/client.go:96.2,96.28 1 0
github.com/o9nn/dro9nn/packages/sdk/go/client.go:96.28,102.3 1 0
github.com/o9nn/dro9nn/packages/sdk/go/client.go:104.2,104.22 1 0
github.com/o9nn/dro9nn/packages/sdk/go/client.go:108.76,110.2 1 0
github.com/o9nn/dro9nn/packages/sdk/go/client.go:113.95,115.2 1 0
github.com/o9nn/dro9nn/packages/sdk/go/client.go:118.94,120.2 1 0
github.com/o9nn/dro9nn/packages/sdk/go/client.go:123.79,125.2 1 0
github.com/o9nn/dro9nn/packages/sdk/go/client.go:128.41,130.2 1 0
github.com/o9nn/dro9nn/packages/sdk/go/client.go:133.41,135.2 1 0
github.com/o9nn/dro9nn/packages/sdk/go/models.go:54.52,56.2 1 0
github.com/o9nn/dro9nn/packages/sdk/go/models.go:59.89,61.20 2 0
github.com/o9nn/dro9nn/packages/sdk/go/models.go:61.20,63.3 1 0
github.com/o9nn/dro9nn/packages/sdk/go/models.go:65.2,66.16 2 0
github.com/o9nn/dro9nn/packages/sdk/go/models.go:66.16,68.3 1 0
github.com/o9nn/dro9nn/packages/sdk/go/models.go:70.2,71.54 2 0
github.com/o9nn/dro9nn/packages/sdk/go/models.go:71.54,73.3 1 0
github.com/o9nn/dro9nn/packages/sdk/go/models.go:75.2,75.20 1 0
github.com/o9nn/dro9nn/packages/sdk/go/models.go:79.85,81.16 2 0
github.com/o9nn/dro9nn/packages/sdk/go/models.go:81.16,83.3 1 0
github.com/o9nn/dro9nn/packages/sdk/go/models.go:85.2,86.53 2 0
github.com/o9nn/dro9nn/packages/sdk/go/models.go:86.53,88.3 1 0
github.com/o9nn/dro9nn/packages/sdk/go/models.go:90.2,90.20 1 0
github.com/o9nn/dro9nn/packages/sdk/go/models.go:94.91,96.16 2 0
github.com/o9nn/dro9nn/packages/sdk/go/models.go:96.16,98.3 1 0
github.com/o9nn/dro9nn/packages/sdk/go/models.go:100.2,101.53 2 0
github.com/o9nn/dro9nn/packages/sdk/go/models.go:101.53,103.3 1 0
github.com/o9nn/dro9nn/packages/sdk/go/models.go:105.2,105.20 1 0
github.com/o9nn/dro9nn/packages/sdk/go/models.go:109.74,112.2 2 0
github.com/o9nn/dro9nn/packages/sdk/go/models.go:115.139,119.20 2 0
github.com/o9nn/dro9nn/packages/sdk/go/models.go:119.20,121.3 1 0
github.com/o9nn/dro9nn/packages/sdk/go/models.go:123.2,124.16 2 0
github.com/o9nn/dro9nn/packages/sdk/go/models.go:124.16,126.3 1 0
github.com/o9nn/dro9nn/packages/sdk/go/models.go:128.2,129.54 2 0
github.com/o9nn/dro9nn/packages/sdk/go/models.go:129.54,131.3 1 0
github.com/o9nn/dro9nn/packages/sdk/go/models.go:133.2,133.21 1 0
github.com/o9nn/dro9nn/packages/sdk/go/models.go:137.124,139.16 2 0
github.com/o9nn/dro9nn/packages/sdk/go/models.go:139.16,141.3 1 0
github.com/o9nn/dro9nn/packages/sdk/go/models.go:143.2,144.54 2 0
github.com/o9nn/dro9nn/packages/sdk/go/models.go:144.54,146.3 1 0
github.com/o9nn/dro9nn/packages/sdk/go/models.go:148.2,148.21 1 0
